module Expect_test_config = struct
  include Expect_test_config

  let upon_unreleasable_issue = `Warning_for_collector_testing
end

let%expect_test _ =
  let f output =
    print_string output;
    [%expect
      {|
      (* expect_test: Test ran multiple times with different test outputs *)
      ============================ Output 1 / 2 ============================
      foo
      ============================ Output 2 / 2 ============================
      bar
      |}]
  in
  f "foo";
  f "bar"
;;
